// Jest Snapshot v1, https://goo.gl/fbAQLP

exports[`Test card snapshots Hermit card SVG 1`] = `
<svg
  className=""
  height="100%"
  viewBox="0 0 400 400"
  width="100%"
>
  <defs>
    <clipPath
      id="myClip"
    >
      <rect
        height="178"
        width="290"
        x="55"
        y="70"
      />
    </clipPath>
  </defs>
  <rect
    className=""
    height="380"
    rx="15"
    ry="15"
    width="380"
    x="10"
    y="10"
  />
  <text
    className=""
    dominantBaseline="hanging"
    lengthAdjust="spacingAndGlyphs"
    textLength=""
    x="45"
    y="20"
  >
    Etho
  </text>
  <text
    dominantBaseline="hanging"
    textAnchor="middle"
    x="310"
    y="20"
  >
    260
  </text>
  <g
    id="hermit-image"
  >
    <rect
      fill="white"
      height="196"
      width="310"
      x="45"
      y="60"
    />
    <image
      clipPath="url(#myClip)"
      href="/images/backgrounds/ethoslab.png"
      width="290"
      x="55"
      y="70"
    />
    <image
      clipPath="url(#myClip)"
      href="/images/hermits-nobg/ethoslab.png"
      width="290"
      x="55"
      y="70"
    />
  </g>
  <g
    id="hermit-type"
  >
    <rect
      height="100"
      rx="50"
      ry="50"
      width="100"
      x="315"
      y="-5"
    />
    <image
      height="68"
      href="/images/types/type-balanced.png"
      width="68"
      x="327"
      y="12"
    />
  </g>
  <g>
    <image
      height="70"
      href="/images/ranks/iron.png"
      width="70"
      x="68"
      y="80"
    />
  </g>
  <g
    id="hermit-attacks"
  >
    <g>
      <image
        className=""
        height={28}
        href="/images/types/type-any.png"
        width={28}
        x={48}
        y="273"
      />
    </g>
    <text
      className=""
      dominantBaseline="hanging"
      textAnchor="middle"
      x="200"
      y="272"
    >
      Snack Time
    </text>
    <text
      className=""
      dominantBaseline="hanging"
      textAnchor="middle"
      x="380"
      y="270"
    >
      40
    </text>
    <rect
      fill="white"
      height="10"
      width="360"
      x="20"
      y="315"
    />
    <image
      className=""
      height={28}
      href="/images/types/type-balanced.png"
      width={28}
      x={20}
      y="343"
    />
    <image
      className=""
      height={28}
      href="/images/types/type-balanced.png"
      width={28}
      x={48}
      y="343"
    />
    <image
      className=""
      height={28}
      href="/images/types/type-balanced.png"
      width={28}
      x={76}
      y="343"
    />
    <text
      className=""
      dominantBaseline="hanging"
      textAnchor="middle"
      x="200"
      y="342"
    >
      Breach
    </text>
    <text
      className=""
      dominantBaseline="hanging"
      textAnchor="middle"
      x="380"
      y="340"
    >
      100
    </text>
  </g>
</svg>
`;
